goos: linux
goarch: amd64
pkg: github.com/blinklabs-io/plutigo/tests
cpu: AMD Ryzen 9 9900X3D 12-Core Processor          
BenchmarkFlatFiles/auction_1-1-24   	   18099	    335818 ns/op	     376 B/op	      13 allocs/op
BenchmarkFlatFiles/auction_1-2-24   	    6964	    852429 ns/op	    1665 B/op	      61 allocs/op
BenchmarkFlatFiles/auction_1-3-24   	    9588	    590238 ns/op	     795 B/op	      34 allocs/op
BenchmarkFlatFiles/auction_1-4-24   	   18915	    316826 ns/op	     513 B/op	      15 allocs/op
BenchmarkFlatFiles/auction_2-1-24   	   25058	    215977 ns/op	     366 B/op	      13 allocs/op
BenchmarkFlatFiles/auction_2-2-24   	    8196	    802535 ns/op	    1605 B/op	      61 allocs/op
BenchmarkFlatFiles/auction_2-3-24   	    5313	   1083628 ns/op	    2196 B/op	      62 allocs/op
BenchmarkFlatFiles/auction_2-4-24   	   10000	    963674 ns/op	     783 B/op	      34 allocs/op
BenchmarkFlatFiles/auction_2-5-24   	   17278	    291760 ns/op	     517 B/op	      15 allocs/op
BenchmarkFlatFiles/coop-1-24        	   17938	    330558 ns/op	    2461 B/op	      53 allocs/op
BenchmarkFlatFiles/coop-2-24        	    9084	    900069 ns/op	   36692 B/op	     405 allocs/op
BenchmarkFlatFiles/coop-3-24        	    2479	   2503518 ns/op	   38564 B/op	      99 allocs/op
BenchmarkFlatFiles/coop-4-24        	    5234	   1170748 ns/op	   23367 B/op	     236 allocs/op
BenchmarkFlatFiles/coop-5-24        	   10000	    641332 ns/op	    7782 B/op	      84 allocs/op
BenchmarkFlatFiles/coop-6-24        	    7362	    783463 ns/op	   34590 B/op	     395 allocs/op
BenchmarkFlatFiles/coop-7-24        	   14120	    398845 ns/op	    7665 B/op	      76 allocs/op
BenchmarkFlatFiles/crowdfunding-success-1-24         	   20402	    293486 ns/op	     373 B/op	       8 allocs/op
BenchmarkFlatFiles/crowdfunding-success-2-24         	   15385	    327682 ns/op	     387 B/op	       8 allocs/op
BenchmarkFlatFiles/crowdfunding-success-3-24         	   37029	    194773 ns/op	     353 B/op	       8 allocs/op
BenchmarkFlatFiles/currency-1-24                     	   12068	    497266 ns/op	     267 B/op	      10 allocs/op
BenchmarkFlatFiles/escrow-redeem_1-1-24              	   16531	    372375 ns/op	     514 B/op	      14 allocs/op
BenchmarkFlatFiles/escrow-redeem_1-2-24              	   10411	    501700 ns/op	     567 B/op	      14 allocs/op
BenchmarkFlatFiles/escrow-redeem_2-1-24              	   12640	    498745 ns/op	     617 B/op	      15 allocs/op
BenchmarkFlatFiles/escrow-redeem_2-2-24              	   11726	    517732 ns/op	     627 B/op	      15 allocs/op
BenchmarkFlatFiles/escrow-redeem_2-3-24              	   10000	    522957 ns/op	     652 B/op	      15 allocs/op
BenchmarkFlatFiles/escrow-refund-1-24                	   29252	    304068 ns/op	     256 B/op	      11 allocs/op
BenchmarkFlatFiles/future-increase-margin-1-24       	   12460	    439203 ns/op	     263 B/op	      10 allocs/op
BenchmarkFlatFiles/future-increase-margin-2-24       	   10000	    791172 ns/op	     997 B/op	      19 allocs/op
BenchmarkFlatFiles/future-increase-margin-3-24       	    8224	    955904 ns/op	    1051 B/op	      19 allocs/op
BenchmarkFlatFiles/future-increase-margin-4-24       	    8403	    759825 ns/op	    3737 B/op	     135 allocs/op
BenchmarkFlatFiles/future-increase-margin-5-24       	    3772	   1387359 ns/op	    3194 B/op	     107 allocs/op
BenchmarkFlatFiles/future-pay-out-1-24               	   16882	    386860 ns/op	     233 B/op	      10 allocs/op
BenchmarkFlatFiles/future-pay-out-2-24               	    9313	    591291 ns/op	    1015 B/op	      19 allocs/op
BenchmarkFlatFiles/future-pay-out-3-24               	    6379	    819992 ns/op	    1140 B/op	      19 allocs/op
BenchmarkFlatFiles/future-pay-out-4-24               	    4683	   1265040 ns/op	    3040 B/op	     107 allocs/op
BenchmarkFlatFiles/future-settle-early-1-24          	   14935	    416020 ns/op	     244 B/op	      10 allocs/op
BenchmarkFlatFiles/future-settle-early-2-24          	    8166	    791472 ns/op	    1054 B/op	      19 allocs/op
BenchmarkFlatFiles/future-settle-early-3-24          	    9498	    892363 ns/op	    1010 B/op	      19 allocs/op
BenchmarkFlatFiles/future-settle-early-4-24          	    6224	   1082414 ns/op	    2272 B/op	      87 allocs/op
BenchmarkFlatFiles/game-sm-success_1-1-24            	   10000	    642313 ns/op	    1548 B/op	      62 allocs/op
BenchmarkFlatFiles/game-sm-success_1-2-24            	   23652	    219989 ns/op	     485 B/op	      10 allocs/op
BenchmarkFlatFiles/game-sm-success_1-3-24            	   10724	    535591 ns/op	    1970 B/op	      70 allocs/op
BenchmarkFlatFiles/game-sm-success_1-4-24            	   19298	    285335 ns/op	     630 B/op	      12 allocs/op
BenchmarkFlatFiles/game-sm-success_2-1-24            	   11439	    618860 ns/op	    1529 B/op	      62 allocs/op
BenchmarkFlatFiles/game-sm-success_2-2-24            	   37470	    222675 ns/op	     475 B/op	      10 allocs/op
BenchmarkFlatFiles/game-sm-success_2-3-24            	    8606	   1058570 ns/op	    2033 B/op	      70 allocs/op
BenchmarkFlatFiles/game-sm-success_2-4-24            	   19942	    290967 ns/op	     628 B/op	      12 allocs/op
BenchmarkFlatFiles/game-sm-success_2-5-24            	    5826	    906365 ns/op	    2185 B/op	      70 allocs/op
BenchmarkFlatFiles/game-sm-success_2-6-24            	   19502	    326928 ns/op	     629 B/op	      12 allocs/op
BenchmarkFlatFiles/guardrail-sorted-large-24         	   10000	    528961 ns/op	   88437 B/op	    1006 allocs/op
BenchmarkFlatFiles/guardrail-sorted-small-24         	   33579	    166249 ns/op	     322 B/op	       4 allocs/op
BenchmarkFlatFiles/guardrail-unsorted-large-24       	    9843	    793419 ns/op	   88462 B/op	    1006 allocs/op
BenchmarkFlatFiles/guardrail-unsorted-small-24       	   42054	    161643 ns/op	     318 B/op	       4 allocs/op
BenchmarkFlatFiles/multisig-sm-01-24                 	    9010	    759598 ns/op	    2770 B/op	     107 allocs/op
BenchmarkFlatFiles/multisig-sm-02-24                 	    7249	    700234 ns/op	    3022 B/op	     112 allocs/op
BenchmarkFlatFiles/multisig-sm-03-24                 	    9206	    719536 ns/op	    3151 B/op	     117 allocs/op
BenchmarkFlatFiles/multisig-sm-04-24                 	   10000	    853203 ns/op	    3566 B/op	     120 allocs/op
BenchmarkFlatFiles/multisig-sm-05-24                 	    5532	   1197467 ns/op	    1168 B/op	      41 allocs/op
BenchmarkFlatFiles/multisig-sm-06-24                 	    8175	    686034 ns/op	    2790 B/op	     107 allocs/op
BenchmarkFlatFiles/multisig-sm-07-24                 	   10000	    639185 ns/op	    2962 B/op	     112 allocs/op
BenchmarkFlatFiles/multisig-sm-08-24                 	    6511	    863211 ns/op	    3223 B/op	     117 allocs/op
BenchmarkFlatFiles/multisig-sm-09-24                 	    9262	    860696 ns/op	    3580 B/op	     120 allocs/op
BenchmarkFlatFiles/multisig-sm-10-24                 	    7239	    729775 ns/op	    1051 B/op	      41 allocs/op
BenchmarkFlatFiles/ping-pong-1-24                    	   10000	    561149 ns/op	     635 B/op	      38 allocs/op
BenchmarkFlatFiles/ping-pong-2-24                    	   10000	    652830 ns/op	     635 B/op	      38 allocs/op
BenchmarkFlatFiles/ping-pong_2-1-24                  	   24174	    267140 ns/op	     225 B/op	      29 allocs/op
BenchmarkFlatFiles/prism-1-24                        	   34797	    218537 ns/op	     220 B/op	       6 allocs/op
BenchmarkFlatFiles/prism-2-24                        	   10000	    683419 ns/op	    1023 B/op	      44 allocs/op
BenchmarkFlatFiles/prism-3-24                        	   10000	    585927 ns/op	     732 B/op	      12 allocs/op
BenchmarkFlatFiles/pubkey-1-24                       	   55039	    143816 ns/op	     149 B/op	       5 allocs/op
BenchmarkFlatFiles/stablecoin_1-1-24                 	    5629	   1369958 ns/op	    4298 B/op	     138 allocs/op
BenchmarkFlatFiles/stablecoin_1-2-24                 	   18036	    333051 ns/op	     493 B/op	      10 allocs/op
BenchmarkFlatFiles/stablecoin_1-3-24                 	    5224	   1266113 ns/op	    4374 B/op	     138 allocs/op
BenchmarkFlatFiles/stablecoin_1-4-24                 	   30501	    206400 ns/op	     543 B/op	      11 allocs/op
BenchmarkFlatFiles/stablecoin_1-5-24                 	    3380	   1717698 ns/op	    5435 B/op	     141 allocs/op
BenchmarkFlatFiles/stablecoin_1-6-24                 	   17263	    341589 ns/op	     763 B/op	      14 allocs/op
BenchmarkFlatFiles/stablecoin_2-1-24                 	    4500	   1196826 ns/op	    4426 B/op	     138 allocs/op
BenchmarkFlatFiles/stablecoin_2-2-24                 	   28338	    244592 ns/op	     480 B/op	      10 allocs/op
BenchmarkFlatFiles/stablecoin_2-3-24                 	    3040	   1853819 ns/op	    4797 B/op	     138 allocs/op
BenchmarkFlatFiles/stablecoin_2-4-24                 	   20119	    332351 ns/op	     554 B/op	      11 allocs/op
BenchmarkFlatFiles/token-account-1-24                	   25227	    240112 ns/op	     182 B/op	      10 allocs/op
BenchmarkFlatFiles/token-account-2-24                	   14952	    359938 ns/op	     491 B/op	       9 allocs/op
BenchmarkFlatFiles/uniswap-1-24                      	   12177	    455946 ns/op	     284 B/op	       9 allocs/op
BenchmarkFlatFiles/uniswap-2-24                      	   20644	    283308 ns/op	     261 B/op	      11 allocs/op
BenchmarkFlatFiles/uniswap-3-24                      	    2498	   2471638 ns/op	   14881 B/op	     329 allocs/op
BenchmarkFlatFiles/uniswap-4-24                      	   15150	    387660 ns/op	    1156 B/op	      23 allocs/op
BenchmarkFlatFiles/uniswap-5-24                      	    6896	   1313247 ns/op	    5753 B/op	     139 allocs/op
BenchmarkFlatFiles/uniswap-6-24                      	   14079	    423654 ns/op	    1033 B/op	      21 allocs/op
BenchmarkFlatFiles/vesting-1-24                      	   21972	    425564 ns/op	     272 B/op	       7 allocs/op
BenchmarkFlatFilesFresh/auction_1-1-24               	   18284	    325084 ns/op	  391116 B/op	     136 allocs/op
BenchmarkFlatFilesFresh/auction_1-2-24               	    4918	   1099399 ns/op	  903522 B/op	     246 allocs/op
BenchmarkFlatFilesFresh/auction_1-3-24               	    6057	   1073219 ns/op	  902755 B/op	     218 allocs/op
BenchmarkFlatFilesFresh/auction_1-4-24               	   16512	    363620 ns/op	  405364 B/op	     147 allocs/op
BenchmarkFlatFilesFresh/auction_2-1-24               	   18796	    319471 ns/op	  391115 B/op	     136 allocs/op
BenchmarkFlatFilesFresh/auction_2-2-24               	    6154	   1118693 ns/op	  903524 B/op	     246 allocs/op
BenchmarkFlatFilesFresh/auction_2-3-24               	    5068	   1264938 ns/op	 1026994 B/op	     257 allocs/op
BenchmarkFlatFilesFresh/auction_2-4-24               	    6040	   1097620 ns/op	  902755 B/op	     218 allocs/op
BenchmarkFlatFilesFresh/auction_2-5-24               	   16548	    362579 ns/op	  405363 B/op	     147 allocs/op
BenchmarkFlatFilesFresh/coop-1-24                    	   16479	    369027 ns/op	  441933 B/op	     224 allocs/op
BenchmarkFlatFilesFresh/coop-2-24                    	    6403	   1039618 ns/op	  852643 B/op	     678 allocs/op
BenchmarkFlatFilesFresh/coop-3-24                    	    2412	   2598734 ns/op	 2414962 B/op	     418 allocs/op
BenchmarkFlatFilesFresh/coop-4-24                    	    4585	   1153816 ns/op	 1051459 B/op	     506 allocs/op
BenchmarkFlatFilesFresh/coop-5-24                    	   10000	    646875 ns/op	  655143 B/op	     309 allocs/op
BenchmarkFlatFilesFresh/coop-6-24                    	    6194	    866373 ns/op	  783026 B/op	     649 allocs/op
BenchmarkFlatFilesFresh/coop-7-24                    	   12397	    486871 ns/op	  525205 B/op	     281 allocs/op
BenchmarkFlatFilesFresh/crowdfunding-success-1-24    	   15783	    377677 ns/op	  434868 B/op	     146 allocs/op
BenchmarkFlatFilesFresh/crowdfunding-success-2-24    	   15950	    392884 ns/op	  434868 B/op	     146 allocs/op
BenchmarkFlatFilesFresh/crowdfunding-success-3-24    	   14563	    434671 ns/op	  434869 B/op	     146 allocs/op
BenchmarkFlatFilesFresh/currency-1-24                	   10000	    501223 ns/op	  510908 B/op	     141 allocs/op
BenchmarkFlatFilesFresh/escrow-redeem_1-1-24         	   10000	    633550 ns/op	  564590 B/op	     164 allocs/op
BenchmarkFlatFilesFresh/escrow-redeem_1-2-24         	   10000	    563483 ns/op	  564589 B/op	     164 allocs/op
BenchmarkFlatFilesFresh/escrow-redeem_2-1-24         	   10000	    699560 ns/op	  649646 B/op	     170 allocs/op
BenchmarkFlatFilesFresh/escrow-redeem_2-2-24         	    9111	    734888 ns/op	  649647 B/op	     170 allocs/op
BenchmarkFlatFilesFresh/escrow-redeem_2-3-24         	    9516	    663991 ns/op	  649646 B/op	     170 allocs/op
BenchmarkFlatFilesFresh/escrow-refund-1-24           	   14996	    398590 ns/op	  447084 B/op	     146 allocs/op
BenchmarkFlatFilesFresh/future-increase-margin-1-24  	   11536	    504580 ns/op	  510877 B/op	     141 allocs/op
BenchmarkFlatFilesFresh/future-increase-margin-2-24  	    8124	    810902 ns/op	  721615 B/op	     186 allocs/op
BenchmarkFlatFilesFresh/future-increase-margin-3-24  	    6384	    803953 ns/op	  721615 B/op	     186 allocs/op
BenchmarkFlatFilesFresh/future-increase-margin-4-24  	    5305	   1105388 ns/op	  793746 B/op	     321 allocs/op
BenchmarkFlatFilesFresh/future-increase-margin-5-24  	    5421	   1279011 ns/op	 1032656 B/op	     311 allocs/op
BenchmarkFlatFilesFresh/future-pay-out-1-24          	   10000	    530700 ns/op	  510877 B/op	     141 allocs/op
BenchmarkFlatFilesFresh/future-pay-out-2-24          	    7190	    832427 ns/op	  721615 B/op	     186 allocs/op
BenchmarkFlatFilesFresh/future-pay-out-3-24          	    7459	    783843 ns/op	  721615 B/op	     186 allocs/op
BenchmarkFlatFilesFresh/future-pay-out-4-24          	    4970	   1557505 ns/op	 1032658 B/op	     311 allocs/op
BenchmarkFlatFilesFresh/future-settle-early-1-24     	   10000	    572760 ns/op	  510878 B/op	     141 allocs/op
BenchmarkFlatFilesFresh/future-settle-early-2-24     	    7788	   1041060 ns/op	  721615 B/op	     186 allocs/op
BenchmarkFlatFilesFresh/future-settle-early-3-24     	    8840	    931368 ns/op	  721616 B/op	     186 allocs/op
BenchmarkFlatFilesFresh/future-settle-early-4-24     	    4375	   1483063 ns/op	  877185 B/op	     279 allocs/op
BenchmarkFlatFilesFresh/game-sm-success_1-1-24       	    8139	    831646 ns/op	  619623 B/op	     221 allocs/op
BenchmarkFlatFilesFresh/game-sm-success_1-2-24       	   16501	    357278 ns/op	  392955 B/op	     132 allocs/op
BenchmarkFlatFilesFresh/game-sm-success_1-3-24       	    5246	   1132503 ns/op	  871538 B/op	     248 allocs/op
BenchmarkFlatFilesFresh/game-sm-success_1-4-24       	   15380	    380833 ns/op	  405563 B/op	     139 allocs/op
BenchmarkFlatFilesFresh/game-sm-success_2-1-24       	    9386	    712404 ns/op	  619623 B/op	     221 allocs/op
BenchmarkFlatFilesFresh/game-sm-success_2-2-24       	   17035	    345662 ns/op	  392955 B/op	     132 allocs/op
BenchmarkFlatFilesFresh/game-sm-success_2-3-24       	    6280	   1053559 ns/op	  871537 B/op	     248 allocs/op
BenchmarkFlatFilesFresh/game-sm-success_2-4-24       	   16945	    350988 ns/op	  405563 B/op	     139 allocs/op
BenchmarkFlatFilesFresh/game-sm-success_2-5-24       	    6164	   1033813 ns/op	  871538 B/op	     248 allocs/op
BenchmarkFlatFilesFresh/game-sm-success_2-6-24       	   16676	    365629 ns/op	  405562 B/op	     139 allocs/op
BenchmarkFlatFilesFresh/guardrail-sorted-large-24    	    8076	    835199 ns/op	  814117 B/op	    1339 allocs/op
BenchmarkFlatFilesFresh/guardrail-sorted-small-24    	   21016	    287589 ns/op	  419276 B/op	     183 allocs/op
BenchmarkFlatFilesFresh/guardrail-unsorted-large-24  	    6196	    984416 ns/op	  949541 B/op	    1346 allocs/op
BenchmarkFlatFilesFresh/guardrail-unsorted-small-24  	   20702	    293178 ns/op	  419276 B/op	     183 allocs/op
BenchmarkFlatFilesFresh/multisig-sm-01-24            	    7858	    797692 ns/op	  746960 B/op	     281 allocs/op
BenchmarkFlatFilesFresh/multisig-sm-02-24            	    8274	    749352 ns/op	  672230 B/op	     283 allocs/op
BenchmarkFlatFilesFresh/multisig-sm-03-24            	    9079	    741162 ns/op	  672791 B/op	     289 allocs/op
BenchmarkFlatFilesFresh/multisig-sm-04-24            	    6440	    801532 ns/op	  738880 B/op	     294 allocs/op
BenchmarkFlatFilesFresh/multisig-sm-05-24            	    6362	   1025705 ns/op	  858777 B/op	     222 allocs/op
BenchmarkFlatFilesFresh/multisig-sm-06-24            	    7644	    800207 ns/op	  746951 B/op	     280 allocs/op
BenchmarkFlatFilesFresh/multisig-sm-07-24            	    6744	    749953 ns/op	  672231 B/op	     283 allocs/op
BenchmarkFlatFilesFresh/multisig-sm-08-24            	    7948	    776713 ns/op	  672791 B/op	     289 allocs/op
BenchmarkFlatFilesFresh/multisig-sm-09-24            	    7521	    795483 ns/op	  738872 B/op	     293 allocs/op
BenchmarkFlatFilesFresh/multisig-sm-10-24            	    6272	   1032519 ns/op	  858770 B/op	     221 allocs/op
BenchmarkFlatFilesFresh/ping-pong-1-24               	    9865	    635463 ns/op	  610054 B/op	     190 allocs/op
BenchmarkFlatFilesFresh/ping-pong-2-24               	   10000	    632834 ns/op	  610054 B/op	     190 allocs/op
BenchmarkFlatFilesFresh/ping-pong_2-1-24             	   12368	    485175 ns/op	  506205 B/op	     176 allocs/op
BenchmarkFlatFilesFresh/prism-1-24                   	   19708	    308126 ns/op	  381332 B/op	     123 allocs/op
BenchmarkFlatFilesFresh/prism-2-24                   	    8763	    731014 ns/op	  650406 B/op	     210 allocs/op
BenchmarkFlatFilesFresh/prism-3-24                   	   10000	    546011 ns/op	  535301 B/op	     150 allocs/op
BenchmarkFlatFilesFresh/pubkey-1-24                  	   19597	    309165 ns/op	  381195 B/op	     121 allocs/op
BenchmarkFlatFilesFresh/stablecoin_1-1-24            	    4922	   1331188 ns/op	 1009256 B/op	     376 allocs/op
BenchmarkFlatFilesFresh/stablecoin_1-2-24            	   17652	    336058 ns/op	  386388 B/op	     138 allocs/op
BenchmarkFlatFilesFresh/stablecoin_1-3-24            	    4234	   1574750 ns/op	 1135240 B/op	     386 allocs/op
BenchmarkFlatFilesFresh/stablecoin_1-4-24            	   17386	    347784 ns/op	  395940 B/op	     142 allocs/op
BenchmarkFlatFilesFresh/stablecoin_1-5-24            	    2925	   1976150 ns/op	 1282779 B/op	     407 allocs/op
BenchmarkFlatFilesFresh/stablecoin_1-6-24            	   15758	    384987 ns/op	  405946 B/op	     152 allocs/op
BenchmarkFlatFilesFresh/stablecoin_2-1-24            	    4750	   1404401 ns/op	 1009255 B/op	     376 allocs/op
BenchmarkFlatFilesFresh/stablecoin_2-2-24            	   17779	    342302 ns/op	  386387 B/op	     138 allocs/op
BenchmarkFlatFilesFresh/stablecoin_2-3-24            	    3884	   1502171 ns/op	 1135240 B/op	     386 allocs/op
BenchmarkFlatFilesFresh/stablecoin_2-4-24            	   17287	    350892 ns/op	  395939 B/op	     142 allocs/op
BenchmarkFlatFilesFresh/token-account-1-24           	   15237	    393246 ns/op	  416867 B/op	     134 allocs/op
BenchmarkFlatFilesFresh/token-account-2-24           	   10000	    508447 ns/op	  532117 B/op	     145 allocs/op
BenchmarkFlatFilesFresh/uniswap-1-24                 	    9968	    623850 ns/op	  633453 B/op	     153 allocs/op
BenchmarkFlatFilesFresh/uniswap-2-24                 	   13698	    436895 ns/op	  501653 B/op	     144 allocs/op
BenchmarkFlatFilesFresh/uniswap-3-24                 	    2641	   2304983 ns/op	 1663226 B/op	     599 allocs/op
BenchmarkFlatFilesFresh/uniswap-4-24                 	   12339	    486795 ns/op	  527190 B/op	     173 allocs/op
BenchmarkFlatFilesFresh/uniswap-5-24                 	    4194	   1685528 ns/op	 1240776 B/op	     383 allocs/op
BenchmarkFlatFilesFresh/uniswap-6-24                 	   12589	    471685 ns/op	  515756 B/op	     169 allocs/op
BenchmarkFlatFilesFresh/vesting-1-24                 	   10000	    574849 ns/op	  588582 B/op	     153 allocs/op
BenchmarkFlatFilesDecode/auction_1-1-24              	   81255	     74545 ns/op	     301 B/op	      11 allocs/op
BenchmarkFlatFilesDecode/auction_1-2-24              	   31182	    179498 ns/op	     539 B/op	      33 allocs/op
BenchmarkFlatFilesDecode/auction_1-3-24              	   40419	    226705 ns/op	     473 B/op	      32 allocs/op
BenchmarkFlatFilesDecode/auction_1-4-24              	   79176	     96116 ns/op	     430 B/op	      13 allocs/op
BenchmarkFlatFilesDecode/auction_2-1-24              	   64227	     99337 ns/op	     302 B/op	      11 allocs/op
BenchmarkFlatFilesDecode/auction_2-2-24              	   21090	    302670 ns/op	     544 B/op	      33 allocs/op
BenchmarkFlatFilesDecode/auction_2-3-24              	   30861	    221839 ns/op	     603 B/op	      34 allocs/op
BenchmarkFlatFilesDecode/auction_2-4-24              	   45973	    204973 ns/op	     472 B/op	      32 allocs/op
BenchmarkFlatFilesDecode/auction_2-5-24              	   51885	    112123 ns/op	     431 B/op	      13 allocs/op
BenchmarkFlatFilesDecode/coop-1-24                   	   86775	     69885 ns/op	    2403 B/op	      52 allocs/op
BenchmarkFlatFilesDecode/coop-2-24                   	   45368	    138102 ns/op	   24776 B/op	     102 allocs/op
BenchmarkFlatFilesDecode/coop-3-24                   	   43456	    139951 ns/op	   15304 B/op	      97 allocs/op
BenchmarkFlatFilesDecode/coop-4-24                   	   36938	    159805 ns/op	   19867 B/op	     114 allocs/op
BenchmarkFlatFilesDecode/coop-5-24                   	   36242	    171122 ns/op	    7643 B/op	      83 allocs/op
BenchmarkFlatFilesDecode/coop-6-24                   	   79092	     79580 ns/op	   22631 B/op	      92 allocs/op
BenchmarkFlatFilesDecode/coop-7-24                   	   76833	     79338 ns/op	    7591 B/op	      75 allocs/op
BenchmarkFlatFilesDecode/crowdfunding-success-1-24   	   47954	    134616 ns/op	     293 B/op	       6 allocs/op
BenchmarkFlatFilesDecode/crowdfunding-success-2-24   	   57327	    108288 ns/op	     293 B/op	       6 allocs/op
BenchmarkFlatFilesDecode/crowdfunding-success-3-24   	   77702	    115608 ns/op	     292 B/op	       6 allocs/op
BenchmarkFlatFilesDecode/currency-1-24               	   62187	     89216 ns/op	     110 B/op	       8 allocs/op
BenchmarkFlatFilesDecode/escrow-redeem_1-1-24        	   40002	    143492 ns/op	     389 B/op	      12 allocs/op
BenchmarkFlatFilesDecode/escrow-redeem_1-2-24        	   56904	    164174 ns/op	     387 B/op	      12 allocs/op
BenchmarkFlatFilesDecode/escrow-redeem_2-1-24        	   30105	    178612 ns/op	     455 B/op	      13 allocs/op
BenchmarkFlatFilesDecode/escrow-redeem_2-2-24        	   52269	    142724 ns/op	     452 B/op	      13 allocs/op
BenchmarkFlatFilesDecode/escrow-redeem_2-3-24        	   28426	    198797 ns/op	     455 B/op	      13 allocs/op
BenchmarkFlatFilesDecode/escrow-refund-1-24          	   70832	    137533 ns/op	     195 B/op	       9 allocs/op
BenchmarkFlatFilesDecode/future-increase-margin-1-24 	  112965	    136759 ns/op	     109 B/op	       8 allocs/op
BenchmarkFlatFilesDecode/future-increase-margin-2-24 	   35283	    181333 ns/op	     710 B/op	      17 allocs/op
BenchmarkFlatFilesDecode/future-increase-margin-3-24 	   28274	    177431 ns/op	     711 B/op	      17 allocs/op
BenchmarkFlatFilesDecode/future-increase-margin-4-24 	   14859	    388992 ns/op	     234 B/op	      29 allocs/op
BenchmarkFlatFilesDecode/future-increase-margin-5-24 	   20475	    330438 ns/op	     420 B/op	      32 allocs/op
BenchmarkFlatFilesDecode/future-pay-out-1-24         	   61818	    131079 ns/op	     110 B/op	       8 allocs/op
BenchmarkFlatFilesDecode/future-pay-out-2-24         	   27046	    191565 ns/op	     712 B/op	      17 allocs/op
BenchmarkFlatFilesDecode/future-pay-out-3-24         	   26802	    208261 ns/op	     712 B/op	      17 allocs/op
BenchmarkFlatFilesDecode/future-pay-out-4-24         	   14827	    357566 ns/op	     426 B/op	      32 allocs/op
BenchmarkFlatFilesDecode/future-settle-early-1-24    	   54322	    103922 ns/op	     111 B/op	       8 allocs/op
BenchmarkFlatFilesDecode/future-settle-early-2-24    	   31149	    170918 ns/op	     711 B/op	      17 allocs/op
BenchmarkFlatFilesDecode/future-settle-early-3-24    	   28098	    179463 ns/op	     711 B/op	      17 allocs/op
BenchmarkFlatFilesDecode/future-settle-early-4-24    	   21156	    286836 ns/op	     355 B/op	      31 allocs/op
BenchmarkFlatFilesDecode/game-sm-success_1-1-24      	   25680	    240958 ns/op	     540 B/op	      33 allocs/op
BenchmarkFlatFilesDecode/game-sm-success_1-2-24      	   60832	     82773 ns/op	     420 B/op	       8 allocs/op
BenchmarkFlatFilesDecode/game-sm-success_1-3-24      	   45588	    246081 ns/op	     728 B/op	      36 allocs/op
BenchmarkFlatFilesDecode/game-sm-success_1-4-24      	   53448	    104171 ns/op	     549 B/op	      10 allocs/op
BenchmarkFlatFilesDecode/game-sm-success_2-1-24      	   29863	    208577 ns/op	     539 B/op	      33 allocs/op
BenchmarkFlatFilesDecode/game-sm-success_2-2-24      	   54272	     96417 ns/op	     420 B/op	       8 allocs/op
BenchmarkFlatFilesDecode/game-sm-success_2-3-24      	   29918	    295033 ns/op	     731 B/op	      36 allocs/op
BenchmarkFlatFilesDecode/game-sm-success_2-4-24      	   78781	     72452 ns/op	     548 B/op	      10 allocs/op
BenchmarkFlatFilesDecode/game-sm-success_2-5-24      	   21742	    272324 ns/op	     734 B/op	      36 allocs/op
BenchmarkFlatFilesDecode/game-sm-success_2-6-24      	   74228	     89722 ns/op	     548 B/op	      10 allocs/op
BenchmarkFlatFilesDecode/guardrail-sorted-large-24   	   54780	    114469 ns/op	   88140 B/op	    1005 allocs/op
BenchmarkFlatFilesDecode/guardrail-sorted-small-24   	   84456	     60249 ns/op	     289 B/op	       3 allocs/op
BenchmarkFlatFilesDecode/guardrail-unsorted-large-24 	   52520	    112860 ns/op	   88140 B/op	    1005 allocs/op
BenchmarkFlatFilesDecode/guardrail-unsorted-small-24 	   82788	     67022 ns/op	     290 B/op	       3 allocs/op
BenchmarkFlatFilesDecode/multisig-sm-01-24           	   27764	    208973 ns/op	     285 B/op	      29 allocs/op
BenchmarkFlatFilesDecode/multisig-sm-02-24           	   26643	    257077 ns/op	     349 B/op	      30 allocs/op
BenchmarkFlatFilesDecode/multisig-sm-03-24           	   29077	    248003 ns/op	     412 B/op	      31 allocs/op
BenchmarkFlatFilesDecode/multisig-sm-04-24           	   21068	    316087 ns/op	     480 B/op	      32 allocs/op
BenchmarkFlatFilesDecode/multisig-sm-05-24           	   25579	    311144 ns/op	     414 B/op	      31 allocs/op
BenchmarkFlatFilesDecode/multisig-sm-06-24           	   36506	    198777 ns/op	     282 B/op	      29 allocs/op
BenchmarkFlatFilesDecode/multisig-sm-07-24           	   32304	    221761 ns/op	     347 B/op	      30 allocs/op
BenchmarkFlatFilesDecode/multisig-sm-08-24           	   37372	    208469 ns/op	     410 B/op	      31 allocs/op
BenchmarkFlatFilesDecode/multisig-sm-09-24           	   21954	    276574 ns/op	     480 B/op	      32 allocs/op
BenchmarkFlatFilesDecode/multisig-sm-10-24           	   22852	    219108 ns/op	     415 B/op	      31 allocs/op
BenchmarkFlatFilesDecode/ping-pong-1-24              	   40963	    149531 ns/op	     216 B/op	      28 allocs/op
BenchmarkFlatFilesDecode/ping-pong-2-24              	   35470	    202738 ns/op	     217 B/op	      28 allocs/op
BenchmarkFlatFilesDecode/ping-pong_2-1-24            	   21454	    272732 ns/op	     158 B/op	      27 allocs/op
BenchmarkFlatFilesDecode/prism-1-24                  	   72297	     78767 ns/op	     164 B/op	       4 allocs/op
BenchmarkFlatFilesDecode/prism-2-24                  	   20866	    284974 ns/op	     607 B/op	      34 allocs/op
BenchmarkFlatFilesDecode/prism-3-24                  	   39370	    135487 ns/op	     550 B/op	      10 allocs/op
BenchmarkFlatFilesDecode/pubkey-1-24                 	  104248	     65029 ns/op	      99 B/op	       3 allocs/op
BenchmarkFlatFilesDecode/stablecoin_1-1-24           	   24466	    286768 ns/op	     679 B/op	      38 allocs/op
BenchmarkFlatFilesDecode/stablecoin_1-2-24           	   59913	     95506 ns/op	     420 B/op	       8 allocs/op
BenchmarkFlatFilesDecode/stablecoin_1-3-24           	   15292	    435479 ns/op	     689 B/op	      38 allocs/op
BenchmarkFlatFilesDecode/stablecoin_1-4-24           	   84376	     77274 ns/op	     483 B/op	       9 allocs/op
BenchmarkFlatFilesDecode/stablecoin_1-5-24           	   14048	    380630 ns/op	     883 B/op	      41 allocs/op
BenchmarkFlatFilesDecode/stablecoin_1-6-24           	   80956	     81275 ns/op	     676 B/op	      12 allocs/op
BenchmarkFlatFilesDecode/stablecoin_2-1-24           	   23025	    230821 ns/op	     680 B/op	      38 allocs/op
BenchmarkFlatFilesDecode/stablecoin_2-2-24           	   91971	     74014 ns/op	     419 B/op	       8 allocs/op
BenchmarkFlatFilesDecode/stablecoin_2-3-24           	   32625	    271083 ns/op	     675 B/op	      38 allocs/op
BenchmarkFlatFilesDecode/stablecoin_2-4-24           	   71714	     80262 ns/op	     484 B/op	       9 allocs/op
BenchmarkFlatFilesDecode/token-account-1-24          	  101965	     55596 ns/op	     109 B/op	       8 allocs/op
BenchmarkFlatFilesDecode/token-account-2-24          	  110235	     84626 ns/op	     355 B/op	       7 allocs/op
BenchmarkFlatFilesDecode/uniswap-1-24                	   93458	     71873 ns/op	      45 B/op	       7 allocs/op
BenchmarkFlatFilesDecode/uniswap-2-24                	   55911	     94907 ns/op	     175 B/op	       9 allocs/op
BenchmarkFlatFilesDecode/uniswap-3-24                	   16297	    365360 ns/op	    3469 B/op	      61 allocs/op
BenchmarkFlatFilesDecode/uniswap-4-24                	   69890	     97583 ns/op	    1050 B/op	      21 allocs/op
BenchmarkFlatFilesDecode/uniswap-5-24                	   16651	    354938 ns/op	    2125 B/op	      57 allocs/op
BenchmarkFlatFilesDecode/uniswap-6-24                	   55992	     96707 ns/op	     922 B/op	      19 allocs/op
BenchmarkFlatFilesDecode/vesting-1-24                	   61297	    162802 ns/op	     167 B/op	       5 allocs/op
BenchmarkFlatFilesDecodeFresh/auction_1-1-24         	   50920	    118617 ns/op	  157041 B/op	     100 allocs/op
BenchmarkFlatFilesDecodeFresh/auction_1-2-24         	   18810	    289388 ns/op	  297675 B/op	     163 allocs/op
BenchmarkFlatFilesDecodeFresh/auction_1-3-24         	   22821	    260371 ns/op	  297602 B/op	     161 allocs/op
BenchmarkFlatFilesDecodeFresh/auction_1-4-24         	   48452	    133982 ns/op	  161817 B/op	     110 allocs/op
BenchmarkFlatFilesDecodeFresh/auction_2-1-24         	   50586	    121581 ns/op	  157041 B/op	     100 allocs/op
BenchmarkFlatFilesDecodeFresh/auction_2-2-24         	   21345	    271338 ns/op	  297674 B/op	     163 allocs/op
BenchmarkFlatFilesDecodeFresh/auction_2-3-24         	   19532	    284391 ns/op	  297882 B/op	     166 allocs/op
BenchmarkFlatFilesDecodeFresh/auction_2-4-24         	   23144	    261360 ns/op	  297602 B/op	     161 allocs/op
BenchmarkFlatFilesDecodeFresh/auction_2-5-24         	   48651	    135235 ns/op	  161817 B/op	     110 allocs/op
BenchmarkFlatFilesDecodeFresh/coop-1-24              	   45642	    124193 ns/op	  176395 B/op	     188 allocs/op
BenchmarkFlatFilesDecodeFresh/coop-2-24              	   28310	    217727 ns/op	  263610 B/op	     324 allocs/op
BenchmarkFlatFilesDecodeFresh/coop-3-24              	   28867	    209665 ns/op	  252826 B/op	     289 allocs/op
BenchmarkFlatFilesDecodeFresh/coop-4-24              	   25875	    248268 ns/op	  274538 B/op	     325 allocs/op
BenchmarkFlatFilesDecodeFresh/coop-5-24              	   28431	    207814 ns/op	  254690 B/op	     267 allocs/op
BenchmarkFlatFilesDecodeFresh/coop-6-24              	   35211	    169527 ns/op	  221905 B/op	     297 allocs/op
BenchmarkFlatFilesDecodeFresh/coop-7-24              	   38041	    155130 ns/op	  199762 B/op	     241 allocs/op
BenchmarkFlatFilesDecodeFresh/crowdfunding-success-1-24         	   37591	    148049 ns/op	  191322 B/op	     109 allocs/op
BenchmarkFlatFilesDecodeFresh/crowdfunding-success-2-24         	   40573	    158295 ns/op	  191322 B/op	     109 allocs/op
BenchmarkFlatFilesDecodeFresh/crowdfunding-success-3-24         	   41745	    144708 ns/op	  191322 B/op	     109 allocs/op
BenchmarkFlatFilesDecodeFresh/currency-1-24                     	   42846	    138068 ns/op	  182882 B/op	     101 allocs/op
BenchmarkFlatFilesDecodeFresh/escrow-redeem_1-1-24              	   27423	    190629 ns/op	  217617 B/op	     122 allocs/op
BenchmarkFlatFilesDecodeFresh/escrow-redeem_1-2-24              	   34244	    175804 ns/op	  217617 B/op	     122 allocs/op
BenchmarkFlatFilesDecodeFresh/escrow-redeem_2-1-24              	   34136	    188385 ns/op	  218194 B/op	     125 allocs/op
BenchmarkFlatFilesDecodeFresh/escrow-redeem_2-2-24              	   33927	    176634 ns/op	  218194 B/op	     125 allocs/op
BenchmarkFlatFilesDecodeFresh/escrow-redeem_2-3-24              	   33594	    182858 ns/op	  218194 B/op	     125 allocs/op
BenchmarkFlatFilesDecodeFresh/escrow-refund-1-24                	   33084	    187467 ns/op	  213010 B/op	     110 allocs/op
BenchmarkFlatFilesDecodeFresh/future-increase-margin-1-24       	   42108	    136536 ns/op	  182850 B/op	     101 allocs/op
BenchmarkFlatFilesDecodeFresh/future-increase-margin-2-24       	   31545	    198760 ns/op	  219890 B/op	     134 allocs/op
BenchmarkFlatFilesDecodeFresh/future-increase-margin-3-24       	   33352	    181799 ns/op	  219890 B/op	     134 allocs/op
BenchmarkFlatFilesDecodeFresh/future-increase-margin-4-24       	   20203	    294552 ns/op	  330315 B/op	     168 allocs/op
BenchmarkFlatFilesDecodeFresh/future-increase-margin-5-24       	   17388	    329582 ns/op	  331588 B/op	     177 allocs/op
BenchmarkFlatFilesDecodeFresh/future-pay-out-1-24               	   43023	    140303 ns/op	  182850 B/op	     101 allocs/op
BenchmarkFlatFilesDecodeFresh/future-pay-out-2-24               	   33060	    180239 ns/op	  219890 B/op	     134 allocs/op
BenchmarkFlatFilesDecodeFresh/future-pay-out-3-24               	   26308	    201182 ns/op	  219890 B/op	     134 allocs/op
BenchmarkFlatFilesDecodeFresh/future-pay-out-4-24               	   19810	    297540 ns/op	  331588 B/op	     177 allocs/op
BenchmarkFlatFilesDecodeFresh/future-settle-early-1-24          	   43867	    150952 ns/op	  182850 B/op	     101 allocs/op
BenchmarkFlatFilesDecodeFresh/future-settle-early-2-24          	   32706	    181034 ns/op	  219890 B/op	     134 allocs/op
BenchmarkFlatFilesDecodeFresh/future-settle-early-3-24          	   33512	    180383 ns/op	  219890 B/op	     134 allocs/op
BenchmarkFlatFilesDecodeFresh/future-settle-early-4-24          	   16221	    346031 ns/op	  330996 B/op	     173 allocs/op
BenchmarkFlatFilesDecodeFresh/game-sm-success_1-1-24            	   25705	    237435 ns/op	  271826 B/op	     152 allocs/op
BenchmarkFlatFilesDecodeFresh/game-sm-success_1-2-24            	   51048	    124710 ns/op	  158881 B/op	      96 allocs/op
BenchmarkFlatFilesDecodeFresh/game-sm-success_1-3-24            	   24682	    247568 ns/op	  274906 B/op	     160 allocs/op
BenchmarkFlatFilesDecodeFresh/game-sm-success_1-4-24            	   49053	    117840 ns/op	  162017 B/op	     102 allocs/op
BenchmarkFlatFilesDecodeFresh/game-sm-success_2-1-24            	   25586	    232337 ns/op	  271826 B/op	     152 allocs/op
BenchmarkFlatFilesDecodeFresh/game-sm-success_2-2-24            	   53894	    111364 ns/op	  158881 B/op	      96 allocs/op
BenchmarkFlatFilesDecodeFresh/game-sm-success_2-3-24            	   21468	    262313 ns/op	  274906 B/op	     160 allocs/op
BenchmarkFlatFilesDecodeFresh/game-sm-success_2-4-24            	   53121	    115526 ns/op	  162017 B/op	     102 allocs/op
BenchmarkFlatFilesDecodeFresh/game-sm-success_2-5-24            	   24886	    265912 ns/op	  274907 B/op	     160 allocs/op
BenchmarkFlatFilesDecodeFresh/game-sm-success_2-6-24            	   52364	    116005 ns/op	  162017 B/op	     102 allocs/op
BenchmarkFlatFilesDecodeFresh/guardrail-sorted-large-24         	   26284	    229915 ns/op	  276571 B/op	    1288 allocs/op
BenchmarkFlatFilesDecodeFresh/guardrail-sorted-small-24         	   50478	    118097 ns/op	  167305 B/op	     148 allocs/op
BenchmarkFlatFilesDecodeFresh/guardrail-unsorted-large-24       	   27357	    222209 ns/op	  276571 B/op	    1288 allocs/op
BenchmarkFlatFilesDecodeFresh/guardrail-unsorted-small-24       	   53259	    110929 ns/op	  167305 B/op	     148 allocs/op
BenchmarkFlatFilesDecodeFresh/multisig-sm-01-24                 	   22024	    292289 ns/op	  313243 B/op	     160 allocs/op
BenchmarkFlatFilesDecodeFresh/multisig-sm-02-24                 	   21950	    272248 ns/op	  313363 B/op	     160 allocs/op
BenchmarkFlatFilesDecodeFresh/multisig-sm-03-24                 	   22398	    266579 ns/op	  313811 B/op	     162 allocs/op
BenchmarkFlatFilesDecodeFresh/multisig-sm-04-24                 	   18495	    307410 ns/op	  314011 B/op	     164 allocs/op
BenchmarkFlatFilesDecodeFresh/multisig-sm-05-24                 	   22196	    273638 ns/op	  313811 B/op	     162 allocs/op
BenchmarkFlatFilesDecodeFresh/multisig-sm-06-24                 	   22192	    296710 ns/op	  313235 B/op	     159 allocs/op
BenchmarkFlatFilesDecodeFresh/multisig-sm-07-24                 	   21776	    275867 ns/op	  313363 B/op	     160 allocs/op
BenchmarkFlatFilesDecodeFresh/multisig-sm-08-24                 	   20796	    277436 ns/op	  313811 B/op	     162 allocs/op
BenchmarkFlatFilesDecodeFresh/multisig-sm-09-24                 	   22903	    266419 ns/op	  314003 B/op	     163 allocs/op
BenchmarkFlatFilesDecodeFresh/multisig-sm-10-24                 	   22119	    290746 ns/op	  313803 B/op	     161 allocs/op
BenchmarkFlatFilesDecodeFresh/ping-pong-1-24                    	   26678	    227881 ns/op	  262850 B/op	     140 allocs/op
BenchmarkFlatFilesDecodeFresh/ping-pong-2-24                    	   26715	    228485 ns/op	  262850 B/op	     140 allocs/op
BenchmarkFlatFilesDecodeFresh/ping-pong_2-1-24                  	   27914	    239511 ns/op	  262658 B/op	     139 allocs/op
BenchmarkFlatFilesDecodeFresh/prism-1-24                        	   53535	    110294 ns/op	  156729 B/op	      88 allocs/op
BenchmarkFlatFilesDecodeFresh/prism-2-24                        	   24069	    255328 ns/op	  284258 B/op	     158 allocs/op
BenchmarkFlatFilesDecodeFresh/prism-3-24                        	   39248	    162459 ns/op	  188330 B/op	     108 allocs/op
BenchmarkFlatFilesDecodeFresh/pubkey-1-24                       	   52912	    111845 ns/op	  156593 B/op	      86 allocs/op
BenchmarkFlatFilesDecodeFresh/stablecoin_1-1-24                 	   14484	    410906 ns/op	  387964 B/op	     221 allocs/op
BenchmarkFlatFilesDecodeFresh/stablecoin_1-2-24                 	   52282	    116159 ns/op	  161785 B/op	     103 allocs/op
BenchmarkFlatFilesDecodeFresh/stablecoin_1-3-24                 	   16939	    388955 ns/op	  387996 B/op	     225 allocs/op
BenchmarkFlatFilesDecodeFresh/stablecoin_1-4-24                 	   51496	    116143 ns/op	  161865 B/op	     106 allocs/op
BenchmarkFlatFilesDecodeFresh/stablecoin_1-5-24                 	   16260	    372077 ns/op	  389740 B/op	     237 allocs/op
BenchmarkFlatFilesDecodeFresh/stablecoin_1-6-24                 	   51699	    124749 ns/op	  162401 B/op	     115 allocs/op
BenchmarkFlatFilesDecodeFresh/stablecoin_2-1-24                 	   16592	    366377 ns/op	  387964 B/op	     221 allocs/op
BenchmarkFlatFilesDecodeFresh/stablecoin_2-2-24                 	   53301	    114393 ns/op	  161785 B/op	     103 allocs/op
BenchmarkFlatFilesDecodeFresh/stablecoin_2-3-24                 	   14370	    398114 ns/op	  387996 B/op	     225 allocs/op
BenchmarkFlatFilesDecodeFresh/stablecoin_2-4-24                 	   50709	    117424 ns/op	  161865 B/op	     106 allocs/op
BenchmarkFlatFilesDecodeFresh/token-account-1-24                	   43496	    138440 ns/op	  182794 B/op	      98 allocs/op
BenchmarkFlatFilesDecodeFresh/token-account-2-24                	   32510	    158183 ns/op	  185146 B/op	     103 allocs/op
BenchmarkFlatFilesDecodeFresh/uniswap-1-24                      	   43771	    138848 ns/op	  182673 B/op	     105 allocs/op
BenchmarkFlatFilesDecodeFresh/uniswap-2-24                      	   43249	    141053 ns/op	  183098 B/op	     105 allocs/op
BenchmarkFlatFilesDecodeFresh/uniswap-3-24                      	   15596	    370967 ns/op	  360834 B/op	     237 allocs/op
BenchmarkFlatFilesDecodeFresh/uniswap-4-24                      	   48403	    128119 ns/op	  167161 B/op	     131 allocs/op
BenchmarkFlatFilesDecodeFresh/uniswap-5-24                      	   17440	    337444 ns/op	  357474 B/op	     232 allocs/op
BenchmarkFlatFilesDecodeFresh/uniswap-6-24                      	   42765	    137708 ns/op	  165201 B/op	     128 allocs/op
BenchmarkFlatFilesDecodeFresh/vesting-1-24                      	   34255	    172245 ns/op	  222666 B/op	     109 allocs/op
BenchmarkFlatFilesEval/auction_1-1-24                           	   25960	    221162 ns/op	      59 B/op	       2 allocs/op
BenchmarkFlatFilesEval/auction_1-2-24                           	   10000	    636218 ns/op	     984 B/op	      28 allocs/op
BenchmarkFlatFilesEval/auction_1-3-24                           	   13045	    580461 ns/op	     230 B/op	       2 allocs/op
BenchmarkFlatFilesEval/auction_1-4-24                           	   59168	    144307 ns/op	      51 B/op	       2 allocs/op
BenchmarkFlatFilesEval/auction_2-1-24                           	   35136	    176596 ns/op	      54 B/op	       2 allocs/op
BenchmarkFlatFilesEval/auction_2-2-24                           	   10000	    613091 ns/op	     984 B/op	      28 allocs/op
BenchmarkFlatFilesEval/auction_2-3-24                           	    7251	    758326 ns/op	    1330 B/op	      28 allocs/op
BenchmarkFlatFilesEval/auction_2-4-24                           	   16718	    382786 ns/op	     188 B/op	       2 allocs/op
BenchmarkFlatFilesEval/auction_2-5-24                           	   53037	    183984 ns/op	      53 B/op	       2 allocs/op
BenchmarkFlatFilesEval/coop-1-24                                	   47972	    106395 ns/op	      28 B/op	       1 allocs/op
BenchmarkFlatFilesEval/coop-2-24                                	   10000	    764099 ns/op	   11874 B/op	     303 allocs/op
BenchmarkFlatFilesEval/coop-3-24                                	    1976	   2837784 ns/op	   24371 B/op	       2 allocs/op
BenchmarkFlatFilesEval/coop-4-24                                	    9108	    681136 ns/op	    3195 B/op	     122 allocs/op
BenchmarkFlatFilesEval/coop-5-24                                	   14635	    437693 ns/op	      87 B/op	       1 allocs/op
BenchmarkFlatFilesEval/coop-6-24                                	   10000	    703564 ns/op	   11869 B/op	     303 allocs/op
BenchmarkFlatFilesEval/coop-7-24                                	   17476	    300516 ns/op	      54 B/op	       1 allocs/op
BenchmarkFlatFilesEval/crowdfunding-success-1-24                	   53464	    148891 ns/op	      52 B/op	       2 allocs/op
BenchmarkFlatFilesEval/crowdfunding-success-2-24                	   66957	     92799 ns/op	      50 B/op	       2 allocs/op
BenchmarkFlatFilesEval/crowdfunding-success-3-24                	   57452	    138370 ns/op	      52 B/op	       2 allocs/op
BenchmarkFlatFilesEval/currency-1-24                            	   16696	    363465 ns/op	     115 B/op	       2 allocs/op
BenchmarkFlatFilesEval/escrow-redeem_1-1-24                     	   27954	    208859 ns/op	      85 B/op	       2 allocs/op
BenchmarkFlatFilesEval/escrow-redeem_1-2-24                     	   26215	    194249 ns/op	      88 B/op	       2 allocs/op
BenchmarkFlatFilesEval/escrow-redeem_2-1-24                     	   16354	    365702 ns/op	     127 B/op	       2 allocs/op
BenchmarkFlatFilesEval/escrow-redeem_2-2-24                     	   23104	    260425 ns/op	     101 B/op	       2 allocs/op
BenchmarkFlatFilesEval/escrow-redeem_2-3-24                     	   12253	    485687 ns/op	     156 B/op	       2 allocs/op
BenchmarkFlatFilesEval/escrow-refund-1-24                       	   75404	     92912 ns/op	      46 B/op	       2 allocs/op
BenchmarkFlatFilesEval/future-increase-margin-1-24              	   48218	    170898 ns/op	      66 B/op	       2 allocs/op
BenchmarkFlatFilesEval/future-increase-margin-2-24              	   10000	    724955 ns/op	     271 B/op	       2 allocs/op
BenchmarkFlatFilesEval/future-increase-margin-3-24              	    9330	    617209 ns/op	     287 B/op	       2 allocs/op
BenchmarkFlatFilesEval/future-increase-margin-4-24              	   10000	    560763 ns/op	    3443 B/op	     106 allocs/op
BenchmarkFlatFilesEval/future-increase-margin-5-24              	    8266	    752977 ns/op	    2320 B/op	      75 allocs/op
BenchmarkFlatFilesEval/future-pay-out-1-24                      	   29094	    233611 ns/op	      83 B/op	       2 allocs/op
BenchmarkFlatFilesEval/future-pay-out-2-24                      	   14564	    382218 ns/op	     198 B/op	       2 allocs/op
BenchmarkFlatFilesEval/future-pay-out-3-24                      	   20830	    410183 ns/op	     151 B/op	       2 allocs/op
BenchmarkFlatFilesEval/future-pay-out-4-24                      	    6442	    907823 ns/op	    2411 B/op	      75 allocs/op
BenchmarkFlatFilesEval/future-settle-early-1-24                 	   17325	    324205 ns/op	     112 B/op	       2 allocs/op
BenchmarkFlatFilesEval/future-settle-early-2-24                 	   10000	    761203 ns/op	     271 B/op	       2 allocs/op
BenchmarkFlatFilesEval/future-settle-early-3-24                 	   19914	    291300 ns/op	     156 B/op	       2 allocs/op
BenchmarkFlatFilesEval/future-settle-early-4-24                 	   10000	    694696 ns/op	    1731 B/op	      56 allocs/op
BenchmarkFlatFilesEval/game-sm-success_1-1-24                   	   13504	    440154 ns/op	     958 B/op	      29 allocs/op
BenchmarkFlatFilesEval/game-sm-success_1-2-24                   	   38610	    160189 ns/op	      52 B/op	       2 allocs/op
BenchmarkFlatFilesEval/game-sm-success_1-3-24                   	   10519	    632337 ns/op	    1227 B/op	      34 allocs/op
BenchmarkFlatFilesEval/game-sm-success_1-4-24                   	   43332	    150623 ns/op	      56 B/op	       2 allocs/op
BenchmarkFlatFilesEval/game-sm-success_2-1-24                   	   15891	    417503 ns/op	     944 B/op	      29 allocs/op
BenchmarkFlatFilesEval/game-sm-success_2-2-24                   	   45386	    143176 ns/op	      50 B/op	       2 allocs/op
BenchmarkFlatFilesEval/game-sm-success_2-3-24                   	    8024	    771045 ns/op	    1300 B/op	      34 allocs/op
BenchmarkFlatFilesEval/game-sm-success_2-4-24                   	   30968	    175583 ns/op	      62 B/op	       2 allocs/op
BenchmarkFlatFilesEval/game-sm-success_2-5-24                   	   13132	    556152 ns/op	    1180 B/op	      34 allocs/op
BenchmarkFlatFilesEval/game-sm-success_2-6-24                   	   41378	    154954 ns/op	      56 B/op	       2 allocs/op
BenchmarkFlatFilesEval/guardrail-sorted-large-24                	   16720	    453111 ns/op	     174 B/op	       1 allocs/op
BenchmarkFlatFilesEval/guardrail-sorted-small-24                	  160171	     55856 ns/op	      18 B/op	       1 allocs/op
BenchmarkFlatFilesEval/guardrail-unsorted-large-24              	   10000	    676145 ns/op	     300 B/op	       1 allocs/op
BenchmarkFlatFilesEval/guardrail-unsorted-small-24              	  154905	     42044 ns/op	      18 B/op	       1 allocs/op
BenchmarkFlatFilesEval/multisig-sm-01-24                        	   15058	    384366 ns/op	    2398 B/op	      78 allocs/op
BenchmarkFlatFilesEval/multisig-sm-02-24                        	   13755	    435745 ns/op	    2557 B/op	      82 allocs/op
BenchmarkFlatFilesEval/multisig-sm-03-24                        	   14407	    408915 ns/op	    2665 B/op	      86 allocs/op
BenchmarkFlatFilesEval/multisig-sm-04-24                        	   13548	    458637 ns/op	    3032 B/op	      88 allocs/op
BenchmarkFlatFilesEval/multisig-sm-05-24                        	   12776	    494335 ns/op	     461 B/op	      10 allocs/op
BenchmarkFlatFilesEval/multisig-sm-06-24                        	   10000	    527341 ns/op	    2446 B/op	      78 allocs/op
BenchmarkFlatFilesEval/multisig-sm-07-24                        	   14971	    378483 ns/op	    2549 B/op	      82 allocs/op
BenchmarkFlatFilesEval/multisig-sm-08-24                        	   12840	    442204 ns/op	    2675 B/op	      86 allocs/op
BenchmarkFlatFilesEval/multisig-sm-09-24                        	   12886	    506777 ns/op	    3037 B/op	      88 allocs/op
BenchmarkFlatFilesEval/multisig-sm-10-24                        	   10000	    701942 ns/op	     514 B/op	      10 allocs/op
BenchmarkFlatFilesEval/ping-pong-1-24                           	   24278	    245625 ns/op	     324 B/op	      10 allocs/op
BenchmarkFlatFilesEval/ping-pong-2-24                           	   21555	    299379 ns/op	     331 B/op	      10 allocs/op
BenchmarkFlatFilesEval/ping-pong_2-1-24                         	   37256	    138348 ns/op	      58 B/op	       2 allocs/op
BenchmarkFlatFilesEval/prism-1-24                               	   63026	     91303 ns/op	      47 B/op	       2 allocs/op
BenchmarkFlatFilesEval/prism-2-24                               	   14058	    460312 ns/op	     363 B/op	      10 allocs/op
BenchmarkFlatFilesEval/prism-3-24                               	   25000	    250284 ns/op	      90 B/op	       2 allocs/op
BenchmarkFlatFilesEval/pubkey-1-24                              	   73260	    132657 ns/op	      46 B/op	       2 allocs/op
BenchmarkFlatFilesEval/stablecoin_1-1-24                        	   10000	    925610 ns/op	    3371 B/op	     100 allocs/op
BenchmarkFlatFilesEval/stablecoin_1-2-24                        	   47276	    116489 ns/op	      50 B/op	       2 allocs/op
BenchmarkFlatFilesEval/stablecoin_1-3-24                        	    5745	   1320923 ns/op	    3589 B/op	     100 allocs/op
BenchmarkFlatFilesEval/stablecoin_1-4-24                        	   22922	    261534 ns/op	      61 B/op	       2 allocs/op
BenchmarkFlatFilesEval/stablecoin_1-5-24                        	    3068	   1830254 ns/op	    4600 B/op	     100 allocs/op
BenchmarkFlatFilesEval/stablecoin_1-6-24                        	   23170	    246122 ns/op	      69 B/op	       2 allocs/op
BenchmarkFlatFilesEval/stablecoin_2-1-24                        	    5416	    981915 ns/op	    3582 B/op	     100 allocs/op
BenchmarkFlatFilesEval/stablecoin_2-2-24                        	   33901	    204009 ns/op	      54 B/op	       2 allocs/op
BenchmarkFlatFilesEval/stablecoin_2-3-24                        	    4951	   1129966 ns/op	    3664 B/op	     100 allocs/op
BenchmarkFlatFilesEval/stablecoin_2-4-24                        	   46216	    130125 ns/op	      50 B/op	       2 allocs/op
BenchmarkFlatFilesEval/token-account-1-24                       	   34896	    157227 ns/op	      59 B/op	       2 allocs/op
BenchmarkFlatFilesEval/token-account-2-24                       	   22438	    289355 ns/op	      96 B/op	       2 allocs/op
BenchmarkFlatFilesEval/uniswap-1-24                             	   10000	    594867 ns/op	     266 B/op	       2 allocs/op
BenchmarkFlatFilesEval/uniswap-2-24                             	   25377	    258947 ns/op	      72 B/op	       2 allocs/op
BenchmarkFlatFilesEval/uniswap-3-24                             	    2886	   2317401 ns/op	   10977 B/op	     268 allocs/op
BenchmarkFlatFilesEval/uniswap-4-24                             	   33592	    178917 ns/op	      66 B/op	       2 allocs/op
BenchmarkFlatFilesEval/uniswap-5-24                             	    4812	   1527438 ns/op	    3905 B/op	      82 allocs/op
BenchmarkFlatFilesEval/uniswap-6-24                             	   25846	    207199 ns/op	      73 B/op	       2 allocs/op
BenchmarkFlatFilesEval/vesting-1-24                             	   17008	    400897 ns/op	     115 B/op	       2 allocs/op
BenchmarkFlatFilesEvalFresh/auction_1-1-24                      	   32715	    182068 ns/op	  234073 B/op	      36 allocs/op
BenchmarkFlatFilesEvalFresh/auction_1-2-24                      	   10000	    708447 ns/op	  605845 B/op	      83 allocs/op
BenchmarkFlatFilesEvalFresh/auction_1-3-24                      	   10000	    665196 ns/op	  605148 B/op	      57 allocs/op
BenchmarkFlatFilesEvalFresh/auction_1-4-24                      	   28395	    227277 ns/op	  243545 B/op	      37 allocs/op
BenchmarkFlatFilesEvalFresh/auction_2-1-24                      	   31760	    184445 ns/op	  234073 B/op	      36 allocs/op
BenchmarkFlatFilesEvalFresh/auction_2-2-24                      	    9763	    713180 ns/op	  605845 B/op	      83 allocs/op
BenchmarkFlatFilesEvalFresh/auction_2-3-24                      	    6505	    920910 ns/op	  729112 B/op	      91 allocs/op
BenchmarkFlatFilesEvalFresh/auction_2-4-24                      	   10000	    679181 ns/op	  605149 B/op	      57 allocs/op
BenchmarkFlatFilesEvalFresh/auction_2-5-24                      	   27492	    213558 ns/op	  243545 B/op	      37 allocs/op
BenchmarkFlatFilesEvalFresh/coop-1-24                           	   26448	    222067 ns/op	  265537 B/op	      36 allocs/op
BenchmarkFlatFilesEvalFresh/coop-2-24                           	    9626	    703292 ns/op	  589025 B/op	     354 allocs/op
BenchmarkFlatFilesEvalFresh/coop-3-24                           	    2440	   2370089 ns/op	 2162137 B/op	     129 allocs/op
BenchmarkFlatFilesEvalFresh/coop-4-24                           	    6650	    954645 ns/op	  776920 B/op	     181 allocs/op
BenchmarkFlatFilesEvalFresh/coop-5-24                           	   16394	    369820 ns/op	  400451 B/op	      42 allocs/op
BenchmarkFlatFilesEvalFresh/coop-6-24                           	   10000	    616614 ns/op	  561122 B/op	     352 allocs/op
BenchmarkFlatFilesEvalFresh/coop-7-24                           	   17523	    315556 ns/op	  325441 B/op	      40 allocs/op
BenchmarkFlatFilesEvalFresh/crowdfunding-success-1-24           	   30123	    201125 ns/op	  243545 B/op	      37 allocs/op
BenchmarkFlatFilesEvalFresh/crowdfunding-success-2-24           	   27894	    226614 ns/op	  243545 B/op	      37 allocs/op
BenchmarkFlatFilesEvalFresh/crowdfunding-success-3-24           	   29932	    201901 ns/op	  243545 B/op	      37 allocs/op
BenchmarkFlatFilesEvalFresh/currency-1-24                       	   22234	    272784 ns/op	  328026 B/op	      40 allocs/op
BenchmarkFlatFilesEvalFresh/escrow-redeem_1-1-24                	   18463	    353720 ns/op	  346970 B/op	      42 allocs/op
BenchmarkFlatFilesEvalFresh/escrow-redeem_1-2-24                	   18488	    329548 ns/op	  346970 B/op	      42 allocs/op
BenchmarkFlatFilesEvalFresh/escrow-redeem_2-1-24                	   15212	    395023 ns/op	  431451 B/op	      45 allocs/op
BenchmarkFlatFilesEvalFresh/escrow-redeem_2-2-24                	   15076	    428667 ns/op	  431451 B/op	      45 allocs/op
BenchmarkFlatFilesEvalFresh/escrow-redeem_2-3-24                	   15237	    398348 ns/op	  431451 B/op	      45 allocs/op
BenchmarkFlatFilesEvalFresh/escrow-refund-1-24                  	   33045	    179039 ns/op	  234073 B/op	      36 allocs/op
BenchmarkFlatFilesEvalFresh/future-increase-margin-1-24         	   19825	    303667 ns/op	  328025 B/op	      40 allocs/op
BenchmarkFlatFilesEvalFresh/future-increase-margin-2-24         	   12051	    512858 ns/op	  501723 B/op	      52 allocs/op
BenchmarkFlatFilesEvalFresh/future-increase-margin-3-24         	   12078	    542284 ns/op	  501724 B/op	      52 allocs/op
BenchmarkFlatFilesEvalFresh/future-increase-margin-4-24         	   10000	    518549 ns/op	  463427 B/op	     153 allocs/op
BenchmarkFlatFilesEvalFresh/future-increase-margin-5-24         	    7611	    824776 ns/op	  701070 B/op	     134 allocs/op
BenchmarkFlatFilesEvalFresh/future-pay-out-1-24                 	   21441	    299795 ns/op	  328026 B/op	      40 allocs/op
BenchmarkFlatFilesEvalFresh/future-pay-out-2-24                 	   10000	    515254 ns/op	  501723 B/op	      52 allocs/op
BenchmarkFlatFilesEvalFresh/future-pay-out-3-24                 	   10000	    502714 ns/op	  501723 B/op	      52 allocs/op
BenchmarkFlatFilesEvalFresh/future-pay-out-4-24                 	    7939	    931324 ns/op	  701069 B/op	     134 allocs/op
BenchmarkFlatFilesEvalFresh/future-settle-early-1-24            	   21270	    279734 ns/op	  328026 B/op	      40 allocs/op
BenchmarkFlatFilesEvalFresh/future-settle-early-2-24            	   10000	    554004 ns/op	  501724 B/op	      52 allocs/op
BenchmarkFlatFilesEvalFresh/future-settle-early-3-24            	   10000	    505193 ns/op	  501723 B/op	      52 allocs/op
BenchmarkFlatFilesEvalFresh/future-settle-early-4-24            	   10000	    653251 ns/op	  546187 B/op	     106 allocs/op
BenchmarkFlatFilesEvalFresh/game-sm-success_1-1-24              	   16359	    362352 ns/op	  347794 B/op	      69 allocs/op
BenchmarkFlatFilesEvalFresh/game-sm-success_1-2-24              	   31368	    190788 ns/op	  234073 B/op	      36 allocs/op
BenchmarkFlatFilesEvalFresh/game-sm-success_1-3-24              	    7436	    725500 ns/op	  596628 B/op	      88 allocs/op
BenchmarkFlatFilesEvalFresh/game-sm-success_1-4-24              	   28450	    213326 ns/op	  243545 B/op	      37 allocs/op
BenchmarkFlatFilesEvalFresh/game-sm-success_2-1-24              	   15660	    413897 ns/op	  347794 B/op	      69 allocs/op
BenchmarkFlatFilesEvalFresh/game-sm-success_2-2-24              	   31443	    191421 ns/op	  234073 B/op	      36 allocs/op
BenchmarkFlatFilesEvalFresh/game-sm-success_2-3-24              	    9274	    646589 ns/op	  596628 B/op	      88 allocs/op
BenchmarkFlatFilesEvalFresh/game-sm-success_2-4-24              	   25368	    233275 ns/op	  243545 B/op	      37 allocs/op
BenchmarkFlatFilesEvalFresh/game-sm-success_2-5-24              	    8006	    644883 ns/op	  596628 B/op	      88 allocs/op
BenchmarkFlatFilesEvalFresh/game-sm-success_2-6-24              	   28701	    226359 ns/op	  243545 B/op	      37 allocs/op
BenchmarkFlatFilesEvalFresh/guardrail-sorted-large-24           	   11847	    505511 ns/op	  537540 B/op	      51 allocs/op
BenchmarkFlatFilesEvalFresh/guardrail-sorted-small-24           	   34897	    164853 ns/op	  251969 B/op	      35 allocs/op
BenchmarkFlatFilesEvalFresh/guardrail-unsorted-large-24         	    7959	    744169 ns/op	  672967 B/op	      58 allocs/op
BenchmarkFlatFilesEvalFresh/guardrail-unsorted-small-24         	   36849	    159967 ns/op	  251969 B/op	      35 allocs/op
BenchmarkFlatFilesEvalFresh/multisig-sm-01-24                   	   13624	    441800 ns/op	  433715 B/op	     121 allocs/op
BenchmarkFlatFilesEvalFresh/multisig-sm-02-24                   	   15788	    414154 ns/op	  358866 B/op	     123 allocs/op
BenchmarkFlatFilesEvalFresh/multisig-sm-03-24                   	   14674	    401414 ns/op	  358978 B/op	     127 allocs/op
BenchmarkFlatFilesEvalFresh/multisig-sm-04-24                   	   14090	    454398 ns/op	  424867 B/op	     130 allocs/op
BenchmarkFlatFilesEvalFresh/multisig-sm-05-24                   	    8502	    659080 ns/op	  544964 B/op	      60 allocs/op
BenchmarkFlatFilesEvalFresh/multisig-sm-06-24                   	   13407	    450401 ns/op	  433714 B/op	     121 allocs/op
BenchmarkFlatFilesEvalFresh/multisig-sm-07-24                   	   13411	    436218 ns/op	  358866 B/op	     123 allocs/op
BenchmarkFlatFilesEvalFresh/multisig-sm-08-24                   	   15238	    389715 ns/op	  358978 B/op	     127 allocs/op
BenchmarkFlatFilesEvalFresh/multisig-sm-09-24                   	   13315	    488791 ns/op	  424867 B/op	     130 allocs/op
BenchmarkFlatFilesEvalFresh/multisig-sm-10-24                   	   10000	    612192 ns/op	  544964 B/op	      60 allocs/op
BenchmarkFlatFilesEvalFresh/ping-pong-1-24                      	   17610	    348024 ns/op	  347202 B/op	      50 allocs/op
BenchmarkFlatFilesEvalFresh/ping-pong-2-24                      	   14235	    380468 ns/op	  347202 B/op	      50 allocs/op
BenchmarkFlatFilesEvalFresh/ping-pong_2-1-24                    	   27906	    216288 ns/op	  243545 B/op	      37 allocs/op
BenchmarkFlatFilesEvalFresh/prism-1-24                          	   33176	    195413 ns/op	  224601 B/op	      35 allocs/op
BenchmarkFlatFilesEvalFresh/prism-2-24                          	   14614	    404875 ns/op	  366146 B/op	      52 allocs/op
BenchmarkFlatFilesEvalFresh/prism-3-24                          	   16237	    364662 ns/op	  346970 B/op	      42 allocs/op
BenchmarkFlatFilesEvalFresh/pubkey-1-24                         	   35364	    183729 ns/op	  224601 B/op	      35 allocs/op
BenchmarkFlatFilesEvalFresh/stablecoin_1-1-24                   	    7544	    846618 ns/op	  621292 B/op	     155 allocs/op
BenchmarkFlatFilesEvalFresh/stablecoin_1-2-24                   	   31150	    195572 ns/op	  224601 B/op	      35 allocs/op
BenchmarkFlatFilesEvalFresh/stablecoin_1-3-24                   	    6321	   1034975 ns/op	  747248 B/op	     161 allocs/op
BenchmarkFlatFilesEvalFresh/stablecoin_1-4-24                   	   29844	    202970 ns/op	  234073 B/op	      36 allocs/op
BenchmarkFlatFilesEvalFresh/stablecoin_1-5-24                   	    4238	   1475678 ns/op	  893045 B/op	     170 allocs/op
BenchmarkFlatFilesEvalFresh/stablecoin_1-6-24                   	   26858	    225264 ns/op	  243545 B/op	      37 allocs/op
BenchmarkFlatFilesEvalFresh/stablecoin_2-1-24                   	    6385	    829448 ns/op	  621292 B/op	     155 allocs/op
BenchmarkFlatFilesEvalFresh/stablecoin_2-2-24                   	   31290	    204879 ns/op	  224601 B/op	      35 allocs/op
BenchmarkFlatFilesEvalFresh/stablecoin_2-3-24                   	    6844	    978854 ns/op	  747248 B/op	     161 allocs/op
BenchmarkFlatFilesEvalFresh/stablecoin_2-4-24                   	   29331	    213577 ns/op	  234073 B/op	      36 allocs/op
BenchmarkFlatFilesEvalFresh/token-account-1-24                  	   29493	    199289 ns/op	  234073 B/op	      36 allocs/op
BenchmarkFlatFilesEvalFresh/token-account-2-24                  	   18259	    332300 ns/op	  346969 B/op	      42 allocs/op
BenchmarkFlatFilesEvalFresh/uniswap-1-24                        	   12225	    482484 ns/op	  450778 B/op	      48 allocs/op
BenchmarkFlatFilesEvalFresh/uniswap-2-24                        	   23341	    256306 ns/op	  318553 B/op	      39 allocs/op
BenchmarkFlatFilesEvalFresh/uniswap-3-24                        	    2481	   2042276 ns/op	 1302390 B/op	     362 allocs/op
BenchmarkFlatFilesEvalFresh/uniswap-4-24                        	   18879	    321506 ns/op	  360026 B/op	      42 allocs/op
BenchmarkFlatFilesEvalFresh/uniswap-5-24                        	    5008	   1210622 ns/op	  883299 B/op	     151 allocs/op
BenchmarkFlatFilesEvalFresh/uniswap-6-24                        	   16456	    345443 ns/op	  350554 B/op	      41 allocs/op
BenchmarkFlatFilesEvalFresh/vesting-1-24                        	   16818	    350546 ns/op	  365914 B/op	      44 allocs/op
PASS
